// Jest Snapshot v1, https://goo.gl/fbAQLP

exports[`GovInfo rep - matches snapshot 1`] = `"<div>   </div>"`;

exports[`GovInfo sen - matches snapshot 1`] = `"<div><a class=\\"blue fa fa-id-card svelte-1b6o2g4\\" target=\\"_blank\\" rel=\\"noopener noreferer\\" href=\\"test\\">&nbsp;<span class=\\"svelte-1b6o2g4\\">Online contact form</span></a> <a class=\\"red fa fa-check-square-o svelte-1b6o2g4\\" target=\\"_blank\\" rel=\\"noopener noreferer\\" href=\\"https://justfacts.votesmart.org/candidate/key-votes/test\\">&nbsp;<span class=\\"svelte-1b6o2g4\\">View on VoteSmart</span></a> <a class=\\"blue fa fa-usd svelte-1b6o2g4\\" target=\\"_blank\\" rel=\\"noopener noreferer\\" href=\\"https://www.fec.gov/data/candidates?q=test\\">&nbsp;<span class=\\"svelte-1b6o2g4\\">View campaign info</span></a> <a class=\\"red fa fa-bar-chart-o svelte-1b6o2g4\\" target=\\"_blank\\" rel=\\"noopener noreferer\\" href=\\"https://www.govtrack.us/congress/members/test\\">&nbsp;<span class=\\"svelte-1b6o2g4\\">GovTrack</span></a></div>"`;
