// Jest Snapshot v1, https://goo.gl/fbAQLP

exports[`InvalidRepWarning matches snapshot 1`] = `"<div><div data-automation=\\"invalid-rep-warning\\" class=\\"warning svelte-1jz5mh7\\"><p>You requested district <strong>undefined</strong>, which could not be found. Search for your representative below...</p> <a href=\\"district-map\\">... or click here to go back to the map</a></div></div>"`;
