// Jest Snapshot v1, https://goo.gl/fbAQLP

exports[`Nav matches snapshot 1`] = `"<div><nav class=\\"svelte-1i1uuou\\"><div class=\\"inner svelte-1i1uuou\\"><div class=\\"mobile-icon svelte-1i1uuou\\"><div class=\\"middle-line svelte-1i1uuou\\"></div></div> <ul class=\\"navbar-list svelte-1i1uuou\\"><li class=\\"svelte-1i1uuou\\"><a class=\\" svelte-1i1uuou\\" aria-current=\\"page\\" href=\\".\\">home</a> </li><li class=\\"svelte-1i1uuou\\"><a class=\\" svelte-1i1uuou\\" href=\\"about\\">about</a> </li><li class=\\"svelte-1i1uuou\\"><a class=\\" svelte-1i1uuou\\" href=\\"district-map\\">district map</a> </li></ul></div></nav></div>"`;
