// Jest Snapshot v1, https://goo.gl/fbAQLP

exports[`Nav matches snapshot 1`] = `"<div><nav class=\\"svelte-1neoyym\\"><div class=\\"inner svelte-1neoyym\\"><div class=\\"mobile-icon svelte-1neoyym\\"><div class=\\"middle-line svelte-1neoyym\\"></div></div> <ul class=\\"navbar-list svelte-1neoyym\\"><li class=\\"svelte-1neoyym\\"><a aria-current=\\"page\\" href=\\".\\" class=\\"svelte-1neoyym\\">home</a> </li><li class=\\"svelte-1neoyym\\"><a href=\\"about\\" class=\\"svelte-1neoyym\\">about</a> </li><li class=\\"svelte-1neoyym\\"><a href=\\"district-map\\" class=\\"svelte-1neoyym\\">district map</a> </li></ul></div></nav></div>"`;
