// Jest Snapshot v1, https://goo.gl/fbAQLP

exports[`Representative senator matches snapshot 1`] = `"<div><div tabindex=\\"0\\" data-automation=\\"rep-S1234\\" class=\\"rep-card hover:shadow-outline focus:shadow-outline rounded overflow-hidden shadow-lg cursor-pointer content-center flex flex-col border border-2 border-republican svelte-wwmy4t\\"><div class=\\"hide-on-mobile svelte-17o0be6\\"><img class=\\"w-full image svelte-17o0be6\\" loading=\\"lazy\\" src=\\"https://theunitedstates.io/images/congress/225x275/S1234.jpg\\" alt=\\"Test Sen\\" onerror=\\"this.onerror=null;this.src='default.png';\\"></div> <div class=\\"px-6 py-4\\"><div class=\\"font-bold text-xl mb-2\\">Test Sen</div> <p class=\\"text-gray-700 text-base\\">Senator</p></div> <div class=\\"px-6 py-4\\"><span class=\\"inline-block bg-republican rounded-full px-3 py-1 text-sm font-semibold text-white mr-2 svelte-wwmy4t\\">Republican</span></div></div></div>"`;

exports[`Representative senator matches snapshot 2`] = `"<div><div tabindex=\\"0\\" data-automation=\\"rep-A1234\\" class=\\"rep-card hover:shadow-outline focus:shadow-outline rounded overflow-hidden shadow-lg cursor-pointer content-center flex flex-col border border-2 border-democrat svelte-wwmy4t\\"><div class=\\"hide-on-mobile svelte-17o0be6\\"><img class=\\"w-full image svelte-17o0be6\\" loading=\\"lazy\\" src=\\"https://theunitedstates.io/images/congress/225x275/A1234.jpg\\" alt=\\"Test Rep\\" onerror=\\"this.onerror=null;this.src='default.png';\\"></div> <div class=\\"px-6 py-4\\"><div class=\\"font-bold text-xl mb-2\\">Test Rep</div> <p class=\\"text-gray-700 text-base\\">Representative, District 3</p></div> <div class=\\"px-6 py-4\\"><span class=\\"inline-block bg-democrat rounded-full px-3 py-1 text-sm font-semibold text-white mr-2 svelte-wwmy4t\\">Democrat</span></div></div></div>"`;
